Archive member included because of file (symbol)

k:/courses/arm_course/arm_tools/imt_sdk/imt_sdk_win_64/winavr/bin/../lib/gcc/avr/4.3.3/avr5\libgcc.a(_exit.o)
                              k:/courses/arm_course/arm_tools/imt_sdk/imt_sdk_win_64/winavr/bin/../lib/gcc/avr/4.3.3/../../../../avr/lib/avr5/crtm32.o (exit)
k:/courses/arm_course/arm_tools/imt_sdk/imt_sdk_win_64/winavr/bin/../lib/gcc/avr/4.3.3/avr5\libgcc.a(_clear_bss.o)
                              ./TWI_Slave2_main.o (__do_clear_bss)

Memory Configuration

Name             Origin             Length             Attributes
text             0x00000000         0x00020000         xr
data             0x00800060         0x0000ffa0         rw !x
eeprom           0x00810000         0x00010000         rw !x
fuse             0x00820000         0x00000400         rw !x
lock             0x00830000         0x00000400         rw !x
signature        0x00840000         0x00000400         rw !x
*default*        0x00000000         0xffffffff

Linker script and memory map

LOAD k:/courses/arm_course/arm_tools/imt_sdk/imt_sdk_win_64/winavr/bin/../lib/gcc/avr/4.3.3/../../../../avr/lib/avr5/crtm32.o
LOAD ./DIO_programe.o
LOAD ./GIE_program.o
LOAD ./PORT_program.o
LOAD ./TWI_Slave2_main.o
LOAD ./TWI_program.o
LOAD k:/courses/arm_course/arm_tools/imt_sdk/imt_sdk_win_64/winavr/bin/../lib/gcc/avr/4.3.3/avr5\libgcc.a
LOAD k:/courses/arm_course/arm_tools/imt_sdk/imt_sdk_win_64/winavr/bin/../lib/gcc/avr/4.3.3/../../../../avr/lib/avr5\libc.a
LOAD k:/courses/arm_course/arm_tools/imt_sdk/imt_sdk_win_64/winavr/bin/../lib/gcc/avr/4.3.3/avr5\libgcc.a

.hash
 *(.hash)

.dynsym
 *(.dynsym)

.dynstr
 *(.dynstr)

.gnu.version
 *(.gnu.version)

.gnu.version_d
 *(.gnu.version_d)

.gnu.version_r
 *(.gnu.version_r)

.rel.init
 *(.rel.init)

.rela.init
 *(.rela.init)

.rel.text
 *(.rel.text)
 *(.rel.text.*)
 *(.rel.gnu.linkonce.t*)

.rela.text
 *(.rela.text)
 *(.rela.text.*)
 *(.rela.gnu.linkonce.t*)

.rel.fini
 *(.rel.fini)

.rela.fini
 *(.rela.fini)

.rel.rodata
 *(.rel.rodata)
 *(.rel.rodata.*)
 *(.rel.gnu.linkonce.r*)

.rela.rodata
 *(.rela.rodata)
 *(.rela.rodata.*)
 *(.rela.gnu.linkonce.r*)

.rel.data
 *(.rel.data)
 *(.rel.data.*)
 *(.rel.gnu.linkonce.d*)

.rela.data
 *(.rela.data)
 *(.rela.data.*)
 *(.rela.gnu.linkonce.d*)

.rel.ctors
 *(.rel.ctors)

.rela.ctors
 *(.rela.ctors)

.rel.dtors
 *(.rel.dtors)

.rela.dtors
 *(.rela.dtors)

.rel.got
 *(.rel.got)

.rela.got
 *(.rela.got)

.rel.bss
 *(.rel.bss)

.rela.bss
 *(.rela.bss)

.rel.plt
 *(.rel.plt)

.rela.plt
 *(.rela.plt)

.text           0x00000000      0xb46
 *(.vectors)
 .vectors       0x00000000       0x54 k:/courses/arm_course/arm_tools/imt_sdk/imt_sdk_win_64/winavr/bin/../lib/gcc/avr/4.3.3/../../../../avr/lib/avr5/crtm32.o
                0x00000000                __vectors
                0x00000000                __vector_default
 *(.vectors)
 *(.progmem.gcc*)
 *(.progmem*)
                0x00000054                . = ALIGN (0x2)
                0x00000054                __trampolines_start = .
 *(.trampolines)
 .trampolines   0x00000054        0x0 linker stubs
 *(.trampolines*)
                0x00000054                __trampolines_end = .
 *(.jumptables)
 *(.jumptables*)
 *(.lowtext)
 *(.lowtext*)
                0x00000054                __ctors_start = .
 *(.ctors)
                0x00000054                __ctors_end = .
                0x00000054                __dtors_start = .
 *(.dtors)
                0x00000054                __dtors_end = .
 SORT(*)(.ctors)
 SORT(*)(.dtors)
 *(.init0)
 .init0         0x00000054        0x0 k:/courses/arm_course/arm_tools/imt_sdk/imt_sdk_win_64/winavr/bin/../lib/gcc/avr/4.3.3/../../../../avr/lib/avr5/crtm32.o
                0x00000054                __init
 *(.init0)
 *(.init1)
 *(.init1)
 *(.init2)
 .init2         0x00000054        0xc k:/courses/arm_course/arm_tools/imt_sdk/imt_sdk_win_64/winavr/bin/../lib/gcc/avr/4.3.3/../../../../avr/lib/avr5/crtm32.o
 *(.init2)
 *(.init3)
 *(.init3)
 *(.init4)
 .init4         0x00000060       0x10 k:/courses/arm_course/arm_tools/imt_sdk/imt_sdk_win_64/winavr/bin/../lib/gcc/avr/4.3.3/avr5\libgcc.a(_clear_bss.o)
                0x00000060                __do_clear_bss
 *(.init4)
 *(.init5)
 *(.init5)
 *(.init6)
 *(.init6)
 *(.init7)
 *(.init7)
 *(.init8)
 *(.init8)
 *(.init9)
 .init9         0x00000070        0x8 k:/courses/arm_course/arm_tools/imt_sdk/imt_sdk_win_64/winavr/bin/../lib/gcc/avr/4.3.3/../../../../avr/lib/avr5/crtm32.o
 *(.init9)
 *(.text)
 .text          0x00000078        0x4 k:/courses/arm_course/arm_tools/imt_sdk/imt_sdk_win_64/winavr/bin/../lib/gcc/avr/4.3.3/../../../../avr/lib/avr5/crtm32.o
                0x00000078                __vector_1
                0x00000078                __vector_12
                0x00000078                __bad_interrupt
                0x00000078                __vector_6
                0x00000078                __vector_3
                0x00000078                __vector_11
                0x00000078                __vector_13
                0x00000078                __vector_17
                0x00000078                __vector_19
                0x00000078                __vector_7
                0x00000078                __vector_5
                0x00000078                __vector_4
                0x00000078                __vector_9
                0x00000078                __vector_2
                0x00000078                __vector_15
                0x00000078                __vector_8
                0x00000078                __vector_14
                0x00000078                __vector_10
                0x00000078                __vector_16
                0x00000078                __vector_18
                0x00000078                __vector_20
 .text          0x0000007c        0x0 ./DIO_programe.o
 .text          0x0000007c        0x0 ./GIE_program.o
 .text          0x0000007c        0x0 ./PORT_program.o
 .text          0x0000007c        0x0 ./TWI_Slave2_main.o
 .text          0x0000007c        0x0 ./TWI_program.o
 .text          0x0000007c        0x0 k:/courses/arm_course/arm_tools/imt_sdk/imt_sdk_win_64/winavr/bin/../lib/gcc/avr/4.3.3/avr5\libgcc.a(_exit.o)
 .text          0x0000007c        0x0 k:/courses/arm_course/arm_tools/imt_sdk/imt_sdk_win_64/winavr/bin/../lib/gcc/avr/4.3.3/avr5\libgcc.a(_clear_bss.o)
                0x0000007c                . = ALIGN (0x2)
 *(.text.*)
 .text.DIO_u8SetPinValue
                0x0000007c      0x224 ./DIO_programe.o
                0x0000007c                DIO_u8SetPinValue
 .text.DIO_u8SetPortValue
                0x000002a0       0x90 ./DIO_programe.o
                0x000002a0                DIO_u8SetPortValue
 .text.DIO_u8GetPinValue
                0x00000330      0x130 ./DIO_programe.o
                0x00000330                DIO_u8GetPinValue
 .text.GIE_voidEnable
                0x00000460       0x1c ./GIE_program.o
                0x00000460                GIE_voidEnable
 .text.GIE_voidDisable
                0x0000047c       0x1c ./GIE_program.o
                0x0000047c                GIE_voidDisable
 .text.PORT_voidInIt
                0x00000498       0x42 ./PORT_program.o
                0x00000498                PORT_voidInIt
 .text.main     0x000004da      0x29e ./TWI_Slave2_main.o
                0x000004da                main
 .text.TWI_voidInitMaster
                0x00000778       0x4e ./TWI_program.o
                0x00000778                TWI_voidInitMaster
 .text.TWI_voidInitSlave
                0x000007c6       0x3a ./TWI_program.o
                0x000007c6                TWI_voidInitSlave
 .text.TWI_SendStartCondition
                0x00000800       0x54 ./TWI_program.o
                0x00000800                TWI_SendStartCondition
 .text.TWI_SendRepeatedStart
                0x00000854       0x54 ./TWI_program.o
                0x00000854                TWI_SendRepeatedStart
 .text.TWI_SendSlaveAddressWithWrite
                0x000008a8       0x70 ./TWI_program.o
                0x000008a8                TWI_SendSlaveAddressWithWrite
 .text.TWI_SendSlaveAddressWithRead
                0x00000918       0x70 ./TWI_program.o
                0x00000918                TWI_SendSlaveAddressWithRead
 .text.TWI_MasterWriteDataByte
                0x00000988       0x52 ./TWI_program.o
                0x00000988                TWI_MasterWriteDataByte
 .text.TWI_MasterReadDataByte
                0x000009da       0x5e ./TWI_program.o
                0x000009da                TWI_MasterReadDataByte
 .text.TWI_SlaveWriteDataByte
                0x00000a38       0x52 ./TWI_program.o
                0x00000a38                TWI_SlaveWriteDataByte
 .text.TWI_SlaveReadDataByte
                0x00000a8a       0x8e ./TWI_program.o
                0x00000a8a                TWI_SlaveReadDataByte
 .text.TWI_SendStopCondition
                0x00000b18       0x2a ./TWI_program.o
                0x00000b18                TWI_SendStopCondition
 .text.libgcc   0x00000b42        0x0 k:/courses/arm_course/arm_tools/imt_sdk/imt_sdk_win_64/winavr/bin/../lib/gcc/avr/4.3.3/avr5\libgcc.a(_exit.o)
 .text.libgcc   0x00000b42        0x0 k:/courses/arm_course/arm_tools/imt_sdk/imt_sdk_win_64/winavr/bin/../lib/gcc/avr/4.3.3/avr5\libgcc.a(_clear_bss.o)
                0x00000b42                . = ALIGN (0x2)
 *(.fini9)
 .fini9         0x00000b42        0x0 k:/courses/arm_course/arm_tools/imt_sdk/imt_sdk_win_64/winavr/bin/../lib/gcc/avr/4.3.3/avr5\libgcc.a(_exit.o)
                0x00000b42                exit
                0x00000b42                _exit
 *(.fini9)
 *(.fini8)
 *(.fini8)
 *(.fini7)
 *(.fini7)
 *(.fini6)
 *(.fini6)
 *(.fini5)
 *(.fini5)
 *(.fini4)
 *(.fini4)
 *(.fini3)
 *(.fini3)
 *(.fini2)
 *(.fini2)
 *(.fini1)
 *(.fini1)
 *(.fini0)
 .fini0         0x00000b42        0x4 k:/courses/arm_course/arm_tools/imt_sdk/imt_sdk_win_64/winavr/bin/../lib/gcc/avr/4.3.3/avr5\libgcc.a(_exit.o)
 *(.fini0)
                0x00000b46                _etext = .

.data           0x00800060        0x0 load address 0x00000b46
                0x00800060                PROVIDE (__data_start, .)
 *(.data)
 .data          0x00800060        0x0 k:/courses/arm_course/arm_tools/imt_sdk/imt_sdk_win_64/winavr/bin/../lib/gcc/avr/4.3.3/../../../../avr/lib/avr5/crtm32.o
 .data          0x00800060        0x0 ./DIO_programe.o
 .data          0x00800060        0x0 ./GIE_program.o
 .data          0x00800060        0x0 ./PORT_program.o
 .data          0x00800060        0x0 ./TWI_Slave2_main.o
 .data          0x00800060        0x0 ./TWI_program.o
 .data          0x00800060        0x0 k:/courses/arm_course/arm_tools/imt_sdk/imt_sdk_win_64/winavr/bin/../lib/gcc/avr/4.3.3/avr5\libgcc.a(_exit.o)
 .data          0x00800060        0x0 k:/courses/arm_course/arm_tools/imt_sdk/imt_sdk_win_64/winavr/bin/../lib/gcc/avr/4.3.3/avr5\libgcc.a(_clear_bss.o)
 *(.data*)
 *(.rodata)
 *(.rodata*)
 *(.gnu.linkonce.d*)
                0x00800060                . = ALIGN (0x2)
                0x00800060                _edata = .
                0x00800060                PROVIDE (__data_end, .)

.bss            0x00800060        0x9
                0x00800060                PROVIDE (__bss_start, .)
 *(.bss)
 .bss           0x00800060        0x0 k:/courses/arm_course/arm_tools/imt_sdk/imt_sdk_win_64/winavr/bin/../lib/gcc/avr/4.3.3/../../../../avr/lib/avr5/crtm32.o
 .bss           0x00800060        0x0 ./DIO_programe.o
 .bss           0x00800060        0x0 ./GIE_program.o
 .bss           0x00800060        0x0 ./PORT_program.o
 .bss           0x00800060        0x0 ./TWI_Slave2_main.o
 .bss           0x00800060        0x0 ./TWI_program.o
 .bss           0x00800060        0x0 k:/courses/arm_course/arm_tools/imt_sdk/imt_sdk_win_64/winavr/bin/../lib/gcc/avr/4.3.3/avr5\libgcc.a(_exit.o)
 .bss           0x00800060        0x0 k:/courses/arm_course/arm_tools/imt_sdk/imt_sdk_win_64/winavr/bin/../lib/gcc/avr/4.3.3/avr5\libgcc.a(_clear_bss.o)
 *(.bss*)
 .bss.Data      0x00800060        0x1 ./TWI_Slave2_main.o
                0x00800060                Data
 .bss.cnt       0x00800061        0x8 ./TWI_Slave2_main.o
                0x00800061                cnt
 *(COMMON)
                0x00800069                PROVIDE (__bss_end, .)
                0x00000b46                __data_load_start = LOADADDR (.data)
                0x00000b46                __data_load_end = (__data_load_start + SIZEOF (.data))

.noinit         0x00800069        0x0
                0x00800069                PROVIDE (__noinit_start, .)
 *(.noinit*)
                0x00800069                PROVIDE (__noinit_end, .)
                0x00800069                _end = .
                0x00800069                PROVIDE (__heap_start, .)

.eeprom         0x00810000        0x0
 *(.eeprom*)
                0x00810000                __eeprom_end = .

.fuse
 *(.fuse)
 *(.lfuse)
 *(.hfuse)
 *(.efuse)

.lock
 *(.lock*)

.signature
 *(.signature*)

.stab           0x00000000     0x1020
 *(.stab)
 .stab          0x00000000      0x450 ./DIO_programe.o
 .stab          0x00000450      0x144 ./GIE_program.o
                                0x1bc (size before relaxing)
 .stab          0x00000594      0x168 ./PORT_program.o
                                0x1e0 (size before relaxing)
 .stab          0x000006fc      0x1a4 ./TWI_Slave2_main.o
                                0x21c (size before relaxing)
 .stab          0x000008a0      0x780 ./TWI_program.o
                                0x81c (size before relaxing)

.stabstr        0x00000000      0x70f
 *(.stabstr)
 .stabstr       0x00000000      0x70f ./DIO_programe.o

.stab.excl
 *(.stab.excl)

.stab.exclstr
 *(.stab.exclstr)

.stab.index
 *(.stab.index)

.stab.indexstr
 *(.stab.indexstr)

.comment
 *(.comment)

.debug
 *(.debug)

.line
 *(.line)

.debug_srcinfo
 *(.debug_srcinfo)

.debug_sfnames
 *(.debug_sfnames)

.debug_aranges
 *(.debug_aranges)

.debug_pubnames
 *(.debug_pubnames)

.debug_info
 *(.debug_info)
 *(.gnu.linkonce.wi.*)

.debug_abbrev
 *(.debug_abbrev)

.debug_line
 *(.debug_line)

.debug_frame
 *(.debug_frame)

.debug_str
 *(.debug_str)

.debug_loc
 *(.debug_loc)

.debug_macinfo
 *(.debug_macinfo)
OUTPUT(TWI_Slave2.elf elf32-avr)
LOAD linker stubs
